20:21: error: interface type 'Shape' has no member 'side'
20:5: warning: cannot infer type of 'side'
21:22: error: interface type 'Shape' has no member 'vtable'
21:5: warning: cannot infer type of 'table'
22:21: error: interface type 'Shape' has no member 'data'
22:5: warning: cannot infer type of 'data'
