1:1: error: 'Mystery' is not a supported intrinsic scalar type
2:1: error: 'float' is not a supported intrinsic scalar type
5:9: error: intrinsic associated constants support only floating-point Infinity and NaN
5:9: error: intrinsic associated constant must have its owning floating-point type
7:9: error: associated constant 'Bits' is already declared
10:23: error: 'Min' not found in extend for type 'int8'
10:5: warning: cannot infer type of 'missing'
