21:5: error: conversion from 'int32 ! ParseError' to 'int32 | (int32 ! ParseError) ! ParseError' is ambiguous; write '.Success(...)', '.Some(...)', or '?' to choose one, or annotate an intermediate type
26:5: error: conversion from 'int32 ! ParseError' to '(int32 ! ParseError) ! IoError | ParseError' is ambiguous; write '.Success(...)', '.Some(...)', or '?' to choose one, or annotate an intermediate type
42:27: error: a block arm completes with '()', but 'catch' must recover a value of type 'int32'
51:5: error: cannot assign '*(int32?)' to '(*int32)?'
55:5: error: 'fail' needs an enclosing fallible function, but this function returns 'int32'
59:5: error: cannot infer the type of 'absent' from 'none'
60:5: error: cannot infer the type of 'success' from a native constructor with an unknown channel
66:9: error: pattern 'Options' cannot bind a new variable because 'Options' already names a type
77:9: error: pattern 'Missing' cannot bind a new variable because 'Missing' is a case of variant 'DecodeError'
83:18: error: 'is' cannot test the channel of fallible 'int32 ! IoError'
