8:17: error: sum types are not supported yet
10:22: error: optional types are not supported yet
10:38: error: optional types are not supported yet
12:22: error: fallible types are not supported yet
12:56: error: fallible types are not supported yet
14:21: error: optional types are not supported yet
14:52: error: optional types are not supported yet
28:28: error: 'catch' is not supported yet
28:5: warning: cannot infer type of 'recovered'
29:24: error: '? else' error mapping is not supported yet
29:5: warning: cannot infer type of 'mapped'
30:19: error: native constructors are not supported yet
30:5: warning: cannot infer type of 'present'
31:18: error: 'none' is not supported yet
31:5: warning: cannot infer type of 'absent'
33:14: error: 'return' as an expression is not supported yet
36:5: error: 'fail' is not supported yet
41:9: error: typed patterns are not supported yet
42:9: error: presence patterns are not supported yet
43:9: error: 'none' patterns are not supported yet
