2:20: error: expected an expression after '=' in the binding before ';'
3:23: error: expected an expression after '+' before ';'
4:25: error: expected ',' between arguments before '2'
5:24: error: expected an expression after '[' in the index expression before ']'
9:8: error: expected an expression after 'if' before '{'
10:17: error: expected an expression after 'in' in the 'for' statement before '{'
12:9: error: expected a pattern at the start of the match arm before '=>'
13:14: error: expected an expression after '=>' in the match arm before ','
19:16: error: expected ',' between tuple pattern elements before 'second'
21:13: error: expected a range pattern end after '..' before '=>'
