2:22: error: type 'Slice' is not defined in this scope
2:41: error: type 'MutableSlice' is not defined in this scope
3:17: error: type 'string' is not defined in this scope
3:28: error: type 'string8' is not defined in this scope
3:40: error: type 'string16' is not defined in this scope
3:53: error: type 'string32' is not defined in this scope
3:66: error: type 'str' is not defined in this scope
4:19: error: type 'Range' is not defined in this scope
4:34: error: type 'RangeInclusive' is not defined in this scope
4:58: error: type 'RangeFrom' is not defined in this scope
5:19: error: type 'RangeTo' is not defined in this scope
5:36: error: type 'RangeToInclusive' is not defined in this scope
5:62: error: type 'RangeFull' is not defined in this scope
2:22: error: type 'Slice' is not defined in this scope
2:41: error: type 'MutableSlice' is not defined in this scope
3:17: error: type 'string' is not defined in this scope
3:17: error: type 'string' is not defined in this scope
3:28: error: type 'string8' is not defined in this scope
3:40: error: type 'string16' is not defined in this scope
3:53: error: type 'string32' is not defined in this scope
3:66: error: type 'str' is not defined in this scope
5:62: error: type 'RangeFull' is not defined in this scope
4:19: error: type 'Range' is not defined in this scope
4:34: error: type 'RangeInclusive' is not defined in this scope
4:58: error: type 'RangeFrom' is not defined in this scope
5:19: error: type 'RangeTo' is not defined in this scope
5:36: error: type 'RangeToInclusive' is not defined in this scope
5:62: error: type 'RangeFull' is not defined in this scope
