9:12: error: argument 2 to 'Add' has type 'string8', but parameter 'right' requires 'int'
10:25: error: field 'x' in initializer for 'Point' has type 'string8', but its declaration requires 'int'
10:36: error: struct 'Point' has no field 'extra'
10:17: error: initializer for 'Point' is missing required field 'y'
11:22: error: array element 2 has type 'string8', but element 1 established element type 'int'
12:12: error: index for type 'int[2]' must be an integer or range, but has type 'bool8'
14:9: error: tuple type '(int, bool8)' has no member 'name'
