6:5: error: 'when' condition must be a compile-time constant expression
11:5: error: 'when' condition must be of type 'bool'
16:5: error: 'when' condition must be a compile-time constant expression
22:10: error: unknown identifier '#target'
27:17: error: '.Three' must be written in full, as in 'Enum::Three'
27:5: warning: cannot infer type of 'level'
